../Drivers/CMSIS/Include/core_cm4.h:1933:34:__NVIC_SystemReset	4	static,ignoring_inline_asm
../Core/Src/HD44780.c:37:13:lcd_write_nibble	32	static
../Core/Src/HD44780.c:49:6:lcd_send_cmd	24	static
../Core/Src/HD44780.c:61:6:lcd_send_data	24	static
../Core/Src/HD44780.c:69:6:lcd_init	8	static
../Core/Src/HD44780.c:86:6:lcd_write_string	16	static
../Core/Src/HD44780.c:94:6:lcd_set_cursor	24	static
../Core/Src/HD44780.c:112:6:lcd_clear	8	static
../Core/Src/HD44780.c:118:6:lcd_backlight	16	static
../Core/Src/HD44780.c:152:6:lcd_display	24	static
../Core/Src/HD44780.c:440:6:lcd_display_key	16	static
