../Core/Src/main.c:90:6:line_append_debug	16	static
../Core/Src/main.c:127:6:line_append_bluetooth	16	static
../Core/Src/main.c:163:6:line_append_gsm	16	static
../Core/Src/main.c:175:6:check_timeout_gsm	8	static
../Core/Src/main.c:186:6:send_end_line	8	static
../Core/Src/main.c:199:6:HAL_UART_RxCpltCallback	16	static
../Core/Src/main.c:218:6:access_key_draw	8	static
../Core/Src/main.c:243:6:send_SMS	40	static
../Core/Src/main.c:283:6:HAL_UART_TxCpltCallback	16	static
../Core/Src/main.c:300:6:HAL_GPIO_EXTI_Callback	16	static
../Core/Src/main.c:394:6:delay	16	static,ignoring_inline_asm
../Core/Src/main.c:407:5:main	8	static
../Core/Src/main.c:474:6:SystemClock_Config	96	static
../Core/Src/main.c:538:6:Error_Handler	4	static,ignoring_inline_asm
