../Core/Src/main.c:102:6:line_append_debug	16	static
../Core/Src/main.c:139:6:line_append_bluetooth	16	static
../Core/Src/main.c:186:6:line_append_gsm	16	static
../Core/Src/main.c:198:6:check_timeout_gsm	8	static
../Core/Src/main.c:208:6:send_end_line	8	static
../Core/Src/main.c:221:6:HAL_UART_RxCpltCallback	16	static
../Core/Src/main.c:240:6:access_key_draw	8	static
../Core/Src/main.c:265:6:send_SMS	8	static
../Core/Src/main.c:305:6:send_AT_init	8	static
../Core/Src/main.c:314:6:HAL_UART_TxCpltCallback	16	static
../Core/Src/main.c:334:6:HAL_GPIO_EXTI_Callback	24	static
../Core/Src/main.c:440:6:add_digit	16	static
../Core/Src/main.c:449:6:reset_buffer	8	static
../Core/Src/main.c:455:6:delay	16	static,ignoring_inline_asm
../Core/Src/main.c:468:5:main	16	static
../Core/Src/main.c:550:6:SystemClock_Config	96	static
../Core/Src/main.c:614:6:Error_Handler	4	static,ignoring_inline_asm
